Analysis & Synthesis report for rpmb
Wed Jun 15 03:42:26 2016
Quartus II 64-Bit Version 13.1.0 Build 162 10/23/2013 SJ Web Edition


---------------------
; Table of Contents ;
---------------------
  1. Legal Notice
  2. Analysis & Synthesis Summary
  3. Analysis & Synthesis Settings
  4. Parallel Compilation
  5. Analysis & Synthesis Source Files Read
  6. Analysis & Synthesis Resource Usage Summary
  7. Analysis & Synthesis Resource Utilization by Entity
  8. Registers Removed During Synthesis
  9. General Register Statistics
 10. Inverted Register Statistics
 11. Multiplexer Restructuring Statistics (Restructuring Performed)
 12. Analysis & Synthesis Messages
 13. Analysis & Synthesis Suppressed Messages



----------------
; Legal Notice ;
----------------
Copyright (C) 1991-2013 Altera Corporation
Your use of Altera Corporation's design tools, logic functions 
and other software and tools, and its AMPP partner logic 
functions, and any output files from any of the foregoing 
(including device programming or simulation files), and any 
associated documentation or information are expressly subject 
to the terms and conditions of the Altera Program License 
Subscription Agreement, Altera MegaCore Function License 
Agreement, or other applicable license agreement, including, 
without limitation, that your use is for the sole purpose of 
programming logic devices manufactured by Altera and sold by 
Altera or its authorized distributors.  Please refer to the 
applicable agreement for further details.



+--------------------------------------------------------------------------+
; Analysis & Synthesis Summary                                             ;
+-----------------------------+--------------------------------------------+
; Analysis & Synthesis Status ; Successful - Wed Jun 15 03:42:26 2016      ;
; Quartus II 64-Bit Version   ; 13.1.0 Build 162 10/23/2013 SJ Web Edition ;
; Revision Name               ; rpmb                                       ;
; Top-level Entity Name       ; rpmb                                       ;
; Family                      ; MAX II                                     ;
; Total logic elements        ; 64                                         ;
; Total pins                  ; 62                                         ;
; Total virtual pins          ; 0                                          ;
; UFM blocks                  ; 0 / 1 ( 0 % )                              ;
+-----------------------------+--------------------------------------------+


+----------------------------------------------------------------------------------------------------------------------+
; Analysis & Synthesis Settings                                                                                        ;
+----------------------------------------------------------------------------+--------------------+--------------------+
; Option                                                                     ; Setting            ; Default Value      ;
+----------------------------------------------------------------------------+--------------------+--------------------+
; Device                                                                     ; EPM240T100C5       ;                    ;
; Top-level entity name                                                      ; rpmb               ; rpmb               ;
; Family name                                                                ; MAX II             ; Cyclone IV GX      ;
; Use smart compilation                                                      ; Off                ; Off                ;
; Enable parallel Assembler and TimeQuest Timing Analyzer during compilation ; On                 ; On                 ;
; Enable compact report table                                                ; Off                ; Off                ;
; Restructure Multiplexers                                                   ; Auto               ; Auto               ;
; Create Debugging Nodes for IP Cores                                        ; Off                ; Off                ;
; Preserve fewer node names                                                  ; On                 ; On                 ;
; Disable OpenCore Plus hardware evaluation                                  ; Off                ; Off                ;
; Verilog Version                                                            ; Verilog_2001       ; Verilog_2001       ;
; VHDL Version                                                               ; VHDL_1993          ; VHDL_1993          ;
; State Machine Processing                                                   ; Auto               ; Auto               ;
; Safe State Machine                                                         ; Off                ; Off                ;
; Extract Verilog State Machines                                             ; On                 ; On                 ;
; Extract VHDL State Machines                                                ; On                 ; On                 ;
; Ignore Verilog initial constructs                                          ; Off                ; Off                ;
; Iteration limit for constant Verilog loops                                 ; 5000               ; 5000               ;
; Iteration limit for non-constant Verilog loops                             ; 250                ; 250                ;
; Add Pass-Through Logic to Inferred RAMs                                    ; On                 ; On                 ;
; Infer RAMs from Raw Logic                                                  ; On                 ; On                 ;
; Parallel Synthesis                                                         ; On                 ; On                 ;
; NOT Gate Push-Back                                                         ; On                 ; On                 ;
; Power-Up Don't Care                                                        ; On                 ; On                 ;
; Remove Redundant Logic Cells                                               ; Off                ; Off                ;
; Remove Duplicate Registers                                                 ; On                 ; On                 ;
; Ignore CARRY Buffers                                                       ; Off                ; Off                ;
; Ignore CASCADE Buffers                                                     ; Off                ; Off                ;
; Ignore GLOBAL Buffers                                                      ; Off                ; Off                ;
; Ignore ROW GLOBAL Buffers                                                  ; Off                ; Off                ;
; Ignore LCELL Buffers                                                       ; Off                ; Off                ;
; Ignore SOFT Buffers                                                        ; On                 ; On                 ;
; Limit AHDL Integers to 32 Bits                                             ; Off                ; Off                ;
; Optimization Technique                                                     ; Balanced           ; Balanced           ;
; Carry Chain Length                                                         ; 70                 ; 70                 ;
; Auto Carry Chains                                                          ; On                 ; On                 ;
; Auto Open-Drain Pins                                                       ; On                 ; On                 ;
; Perform WYSIWYG Primitive Resynthesis                                      ; Off                ; Off                ;
; Auto Shift Register Replacement                                            ; Auto               ; Auto               ;
; Allow Shift Register Merging across Hierarchies                            ; Auto               ; Auto               ;
; Auto Clock Enable Replacement                                              ; On                 ; On                 ;
; Allow Synchronous Control Signals                                          ; On                 ; On                 ;
; Force Use of Synchronous Clear Signals                                     ; Off                ; Off                ;
; Auto Resource Sharing                                                      ; Off                ; Off                ;
; Use LogicLock Constraints during Resource Balancing                        ; On                 ; On                 ;
; Ignore translate_off and synthesis_off directives                          ; Off                ; Off                ;
; Report Parameter Settings                                                  ; On                 ; On                 ;
; Report Source Assignments                                                  ; On                 ; On                 ;
; Report Connectivity Checks                                                 ; On                 ; On                 ;
; Ignore Maximum Fan-Out Assignments                                         ; Off                ; Off                ;
; Synchronization Register Chain Length                                      ; 2                  ; 2                  ;
; PowerPlay Power Optimization                                               ; Normal compilation ; Normal compilation ;
; HDL message level                                                          ; Level2             ; Level2             ;
; Suppress Register Optimization Related Messages                            ; Off                ; Off                ;
; Number of Removed Registers Reported in Synthesis Report                   ; 5000               ; 5000               ;
; Number of Swept Nodes Reported in Synthesis Report                         ; 5000               ; 5000               ;
; Number of Inverted Registers Reported in Synthesis Report                  ; 100                ; 100                ;
; Clock MUX Protection                                                       ; On                 ; On                 ;
; Block Design Naming                                                        ; Auto               ; Auto               ;
; Synthesis Effort                                                           ; Auto               ; Auto               ;
; Shift Register Replacement - Allow Asynchronous Clear Signal               ; On                 ; On                 ;
; Pre-Mapping Resynthesis Optimization                                       ; Off                ; Off                ;
; Analysis & Synthesis Message Level                                         ; Medium             ; Medium             ;
; Disable Register Merging Across Hierarchies                                ; Auto               ; Auto               ;
; Synthesis Seed                                                             ; 1                  ; 1                  ;
+----------------------------------------------------------------------------+--------------------+--------------------+


Parallel compilation was disabled, but you have multiple processors available. Enable parallel compilation to reduce compilation time.
+-------------------------------------+
; Parallel Compilation                ;
+----------------------------+--------+
; Processors                 ; Number ;
+----------------------------+--------+
; Number detected on machine ; 2      ;
; Maximum allowed            ; 1      ;
+----------------------------+--------+


+-----------------------------------------------------------------------------------------------------------------------------+
; Analysis & Synthesis Source Files Read                                                                                      ;
+----------------------------------+-----------------+------------------------+-------------------------------------+---------+
; File Name with User-Entered Path ; Used in Netlist ; File Type              ; File Name with Absolute Path        ; Library ;
+----------------------------------+-----------------+------------------------+-------------------------------------+---------+
; rpmb.v                           ; yes             ; User Verilog HDL File  ; C:/msys64/home/meesokim/rpmb/rpmb.v ;         ;
+----------------------------------+-----------------+------------------------+-------------------------------------+---------+


+-------------------------------------------------------+
; Analysis & Synthesis Resource Usage Summary           ;
+---------------------------------------------+---------+
; Resource                                    ; Usage   ;
+---------------------------------------------+---------+
; Total logic elements                        ; 64      ;
;     -- Combinational with no register       ; 4       ;
;     -- Register only                        ; 43      ;
;     -- Combinational with a register        ; 17      ;
;                                             ;         ;
; Logic element usage by number of LUT inputs ;         ;
;     -- 4 input functions                    ; 0       ;
;     -- 3 input functions                    ; 18      ;
;     -- 2 input functions                    ; 2       ;
;     -- 1 input functions                    ; 1       ;
;     -- 0 input functions                    ; 0       ;
;                                             ;         ;
; Logic elements by mode                      ;         ;
;     -- normal mode                          ; 64      ;
;     -- arithmetic mode                      ; 0       ;
;     -- qfbk mode                            ; 0       ;
;     -- register cascade mode                ; 0       ;
;     -- synchronous clear/load mode          ; 8       ;
;     -- asynchronous clear/load mode         ; 0       ;
;                                             ;         ;
; Total registers                             ; 60      ;
; I/O pins                                    ; 62      ;
; Maximum fan-out node                        ; msx_clk ;
; Maximum fan-out                             ; 36      ;
; Total fan-out                               ; 248     ;
; Average fan-out                             ; 1.97    ;
+---------------------------------------------+---------+


+----------------------------------------------------------------------------------------------------------------------------------------------------------------------------------------------------------------------+
; Analysis & Synthesis Resource Utilization by Entity                                                                                                                                                                  ;
+----------------------------+-------------+--------------+------------+------+--------------+--------------+-------------------+------------------+-----------------+------------+---------------------+--------------+
; Compilation Hierarchy Node ; Logic Cells ; LC Registers ; UFM Blocks ; Pins ; Virtual Pins ; LUT-Only LCs ; Register-Only LCs ; LUT/Register LCs ; Carry Chain LCs ; Packed LCs ; Full Hierarchy Name ; Library Name ;
+----------------------------+-------------+--------------+------------+------+--------------+--------------+-------------------+------------------+-----------------+------------+---------------------+--------------+
; |rpmb                      ; 64 (64)     ; 60           ; 0          ; 62   ; 0            ; 4 (4)        ; 43 (43)           ; 17 (17)          ; 0 (0)           ; 0 (0)      ; |rpmb               ; work         ;
+----------------------------+-------------+--------------+------------+------+--------------+--------------+-------------------+------------------+-----------------+------------+---------------------+--------------+
Note: For table entries with two numbers listed, the numbers in parentheses indicate the number of resources of the given type used by the specific entity alone. The numbers listed outside of parentheses indicate the total resources of the given type used by the specific entity and all of its sub-entities in the hierarchy.


+--------------------------------------------------------------------------------+
; Registers Removed During Synthesis                                             ;
+---------------------------------------+----------------------------------------+
; Register name                         ; Reason for Removal                     ;
+---------------------------------------+----------------------------------------+
; mdata[0]~en                           ; Stuck at GND due to stuck port data_in ;
; mdata[1]~en                           ; Stuck at GND due to stuck port data_in ;
; mdata[2]~en                           ; Stuck at GND due to stuck port data_in ;
; mdata[3]~en                           ; Stuck at GND due to stuck port data_in ;
; mdata[4]~en                           ; Stuck at GND due to stuck port data_in ;
; mdata[5]~en                           ; Stuck at GND due to stuck port data_in ;
; mdata[6]~en                           ; Stuck at GND due to stuck port data_in ;
; mdata[7]~en                           ; Stuck at GND due to stuck port data_in ;
; Total Number of Removed Registers = 8 ;                                        ;
+---------------------------------------+----------------------------------------+


+------------------------------------------------------+
; General Register Statistics                          ;
+----------------------------------------------+-------+
; Statistic                                    ; Value ;
+----------------------------------------------+-------+
; Total registers                              ; 60    ;
; Number of registers using Synchronous Clear  ; 0     ;
; Number of registers using Synchronous Load   ; 8     ;
; Number of registers using Asynchronous Clear ; 0     ;
; Number of registers using Asynchronous Load  ; 0     ;
; Number of registers using Clock Enable       ; 42    ;
; Number of registers using Preset             ; 0     ;
+----------------------------------------------+-------+


+--------------------------------------------------+
; Inverted Register Statistics                     ;
+----------------------------------------+---------+
; Inverted Register                      ; Fan out ;
+----------------------------------------+---------+
; cs~reg0                                ; 1       ;
; Total number of inverted registers = 1 ;         ;
+----------------------------------------+---------+


+------------------------------------------------------------------------------------------------------------------------------------------+
; Multiplexer Restructuring Statistics (Restructuring Performed)                                                                           ;
+--------------------+-----------+---------------+----------------------+------------------------+------------+----------------------------+
; Multiplexer Inputs ; Bus Width ; Baseline Area ; Area if Restructured ; Saving if Restructured ; Registered ; Example Multiplexer Output ;
+--------------------+-----------+---------------+----------------------+------------------------+------------+----------------------------+
; 4:1                ; 8 bits    ; 16 LEs        ; 16 LEs               ; 0 LEs                  ; Yes        ; |rpmb|md[0]~reg0           ;
+--------------------+-----------+---------------+----------------------+------------------------+------------+----------------------------+


+-------------------------------+
; Analysis & Synthesis Messages ;
+-------------------------------+
Info: *******************************************************************
Info: Running Quartus II 64-Bit Analysis & Synthesis
    Info: Version 13.1.0 Build 162 10/23/2013 SJ Web Edition
    Info: Processing started: Wed Jun 15 03:42:25 2016
Info: Command: quartus_map --read_settings_files=on --write_settings_files=off rpmb -c rpmb
Warning (20028): Parallel compilation is not licensed and has been disabled
Info (12021): Found 1 design units, including 1 entities, in source file rpmb.v
    Info (12023): Found entity 1: rpmb
Info (12127): Elaborating entity "rpmb" for the top level hierarchy
Warning (10230): Verilog HDL assignment warning at rpmb.v(59): truncated value with size 32 to match size of target (3)
Warning (13034): The following nodes have both tri-state and non-tri-state drivers
    Warning (13035): Inserted always-enabled tri-state buffer between "md[0]" and its non-tri-state driver.
    Warning (13035): Inserted always-enabled tri-state buffer between "md[1]" and its non-tri-state driver.
    Warning (13035): Inserted always-enabled tri-state buffer between "md[2]" and its non-tri-state driver.
    Warning (13035): Inserted always-enabled tri-state buffer between "md[3]" and its non-tri-state driver.
    Warning (13035): Inserted always-enabled tri-state buffer between "md[4]" and its non-tri-state driver.
    Warning (13035): Inserted always-enabled tri-state buffer between "md[5]" and its non-tri-state driver.
    Warning (13035): Inserted always-enabled tri-state buffer between "md[6]" and its non-tri-state driver.
    Warning (13035): Inserted always-enabled tri-state buffer between "md[7]" and its non-tri-state driver.
    Warning (13035): Inserted always-enabled tri-state buffer between "md[8]" and its non-tri-state driver.
    Warning (13035): Inserted always-enabled tri-state buffer between "md[9]" and its non-tri-state driver.
    Warning (13035): Inserted always-enabled tri-state buffer between "md[10]" and its non-tri-state driver.
    Warning (13035): Inserted always-enabled tri-state buffer between "md[11]" and its non-tri-state driver.
    Warning (13035): Inserted always-enabled tri-state buffer between "md[12]" and its non-tri-state driver.
    Warning (13035): Inserted always-enabled tri-state buffer between "md[13]" and its non-tri-state driver.
    Warning (13035): Inserted always-enabled tri-state buffer between "md[14]" and its non-tri-state driver.
    Warning (13035): Inserted always-enabled tri-state buffer between "md[15]" and its non-tri-state driver.
Warning (13039): The following bidir pins have no drivers
    Warning (13040): Bidir "mreset" has no driver
Info (13060): One or more bidirs are fed by always enabled tri-state buffers
    Info (13061): Fan-out of permanently enabled tri-state buffer feeding bidir "md[0]" is moved to its source
    Info (13061): Fan-out of permanently enabled tri-state buffer feeding bidir "md[1]" is moved to its source
    Info (13061): Fan-out of permanently enabled tri-state buffer feeding bidir "md[2]" is moved to its source
    Info (13061): Fan-out of permanently enabled tri-state buffer feeding bidir "md[3]" is moved to its source
    Info (13061): Fan-out of permanently enabled tri-state buffer feeding bidir "md[4]" is moved to its source
    Info (13061): Fan-out of permanently enabled tri-state buffer feeding bidir "md[5]" is moved to its source
    Info (13061): Fan-out of permanently enabled tri-state buffer feeding bidir "md[6]" is moved to its source
    Info (13061): Fan-out of permanently enabled tri-state buffer feeding bidir "md[7]" is moved to its source
    Info (13061): Fan-out of permanently enabled tri-state buffer feeding bidir "md[8]" is moved to its source
    Info (13061): Fan-out of permanently enabled tri-state buffer feeding bidir "md[9]" is moved to its source
    Info (13061): Fan-out of permanently enabled tri-state buffer feeding bidir "md[10]" is moved to its source
    Info (13061): Fan-out of permanently enabled tri-state buffer feeding bidir "md[11]" is moved to its source
    Info (13061): Fan-out of permanently enabled tri-state buffer feeding bidir "md[12]" is moved to its source
    Info (13061): Fan-out of permanently enabled tri-state buffer feeding bidir "md[13]" is moved to its source
    Info (13061): Fan-out of permanently enabled tri-state buffer feeding bidir "md[14]" is moved to its source
    Info (13061): Fan-out of permanently enabled tri-state buffer feeding bidir "md[15]" is moved to its source
Warning (13008): TRI or OPNDRN buffers permanently disabled
    Warning (13010): Node "mdata[0]~synth"
    Warning (13010): Node "mdata[1]~synth"
    Warning (13010): Node "mdata[2]~synth"
    Warning (13010): Node "mdata[3]~synth"
    Warning (13010): Node "mdata[4]~synth"
    Warning (13010): Node "mdata[5]~synth"
    Warning (13010): Node "mdata[6]~synth"
    Warning (13010): Node "mdata[7]~synth"
Warning (13009): TRI or OPNDRN buffers permanently enabled
    Warning (13010): Node "md[0]~synth"
    Warning (13010): Node "md[1]~synth"
    Warning (13010): Node "md[2]~synth"
    Warning (13010): Node "md[3]~synth"
    Warning (13010): Node "md[4]~synth"
    Warning (13010): Node "md[5]~synth"
    Warning (13010): Node "md[6]~synth"
    Warning (13010): Node "md[7]~synth"
    Warning (13010): Node "md[8]~synth"
    Warning (13010): Node "md[9]~synth"
    Warning (13010): Node "md[10]~synth"
    Warning (13010): Node "md[11]~synth"
    Warning (13010): Node "md[12]~synth"
    Warning (13010): Node "md[13]~synth"
    Warning (13010): Node "md[14]~synth"
    Warning (13010): Node "md[15]~synth"
Warning (21074): Design contains 9 input pin(s) that do not drive logic
    Warning (15610): No output dependent on input pin "rbusdir"
    Warning (15610): No output dependent on input pin "rint"
    Warning (15610): No output dependent on input pin "miorq"
    Warning (15610): No output dependent on input pin "mbusdir"
    Warning (15610): No output dependent on input pin "mcs1"
    Warning (15610): No output dependent on input pin "mcs2"
    Warning (15610): No output dependent on input pin "mcs12"
    Warning (15610): No output dependent on input pin "mint"
    Warning (15610): No output dependent on input pin "mm1"
Info (21057): Implemented 126 device resources after synthesis - the final resource count might be different
    Info (21058): Implemented 33 input pins
    Info (21059): Implemented 4 output pins
    Info (21060): Implemented 25 bidirectional pins
    Info (21061): Implemented 64 logic cells
Info (144001): Generated suppressed messages file C:/msys64/home/meesokim/rpmb/output_files/rpmb.map.smsg
Info: Quartus II 64-Bit Analysis & Synthesis was successful. 0 errors, 57 warnings
    Info: Peak virtual memory: 488 megabytes
    Info: Processing ended: Wed Jun 15 03:42:26 2016
    Info: Elapsed time: 00:00:01
    Info: Total CPU time (on all processors): 00:00:02


+------------------------------------------+
; Analysis & Synthesis Suppressed Messages ;
+------------------------------------------+
The suppressed messages can be found in C:/msys64/home/meesokim/rpmb/output_files/rpmb.map.smsg.


